// Jest Snapshot v1, https://goo.gl/fbAQLP

exports[`Gate defaults to Unlocked and Open 1`] = `
<body>
  <div>
    <div
      class="display panel"
    >
      <div
        class="led green-led"
        data-testid="locked-unlocked-display"
      >
        Unlocked
      </div>
      <div
        class="led green-led"
        data-testid="open-close-display"
      >
        Open
      </div>
    </div>
    <div
      class="controls panel"
    >
      <button
        class="toggle-btn"
        data-testid="locked-unlocked"
        disabled=""
      >
        Lock Gate
      </button>
      <button
        class="toggle-btn"
        data-testid="open-close"
      >
        Close Gate
      </button>
    </div>
  </div>
</body>
`;
